#-----------------------------------------------------------
# Vivado v2022.1 (64-bit)
# SW Build 3526262 on Mon Apr 18 15:48:16 MDT 2022
# IP Build 3524634 on Mon Apr 18 20:55:01 MDT 2022
# Start of session at: Thu Mar 13 13:03:33 2025
# Process ID: 13124
# Current directory: D:/Chip_Design/SEMESTER_2/Vivado/Project_02/07_Assignment/Assignment_04.runs/design_1_Assignment_0_0_synth_1
# Command line: vivado.exe -log design_1_Assignment_0_0.vds -product Vivado -mode batch -messageDb vivado.pb -notrace -source design_1_Assignment_0_0.tcl
# Log file: D:/Chip_Design/SEMESTER_2/Vivado/Project_02/07_Assignment/Assignment_04.runs/design_1_Assignment_0_0_synth_1/design_1_Assignment_0_0.vds
# Journal file: D:/Chip_Design/SEMESTER_2/Vivado/Project_02/07_Assignment/Assignment_04.runs/design_1_Assignment_0_0_synth_1\vivado.jou
# Running On: DESKTOP-QBCQ4N2, OS: Windows, CPU Frequency: 2611 MHz, CPU Physical cores: 8, Host memory: 16890 MB
#-----------------------------------------------------------
source design_1_Assignment_0_0.tcl -notrace
